
 make.py started: 2019-09-12 14:08:26 C:\Users\dgentil1\Desktop\aborto_uru_repo\Aborto-Uruguay\base\Vitals\code 




Execute:  "C:\Program Files (x86)\Stata14\StataSE-64.exe" /e do "./vital_records.do"

  ___  ____  ____  ____  ____ (R)
 /__    /   ____/   /   ____/
___/   /   /___/   /   /___/   14.2   Copyright 1985-2015 StataCorp LLC
  Statistics/Data Analysis            StataCorp
                                      4905 Lakeway Drive
     Special Edition                  College Station, Texas 77845 USA
                                      800-STATA-PC        http://www.stata.com
                                      979-696-4600        stata@stata.com
                                      979-696-4601 (fax)

110-user Stata network perpetual license:
       Serial number:  401406206058
         Licensed to:  CIS Department
                       Brown University

Notes:
      1.  Stata is running in batch mode.
      2.  Unicode is supported; see help unicode_advice.
      3.  Maximum number of variables is set to 5000; see help set_maxvar.

. do ./vital_records.do 

. clear all

. set more off

. adopath + ../../../library/stata/gslab_misc/ado
  [1]  (BASE)      "C:\Program Files (x86)\Stata14\ado\base/"
  [2]  (SITE)      "C:\Program Files (x86)\Stata14\ado\site/"
  [3]              "."
  [4]  (PERSONAL)  "c:\ado\personal/"
  [5]  (PLUS)      "c:\ado\plus/"
  [6]  (OLDPLACE)  "c:\ado/"
  [7]              "../../../library/stata/gslab_misc/ado"

. 
. program main    
  1.     append_years
  2.     gen_vars
  3.     label_vars
  4. 
.     gen birth_id = _n
  5.     drop if missing(dpto)
  6.     keep birth_id anio anio_sem dpto dpto_residence ///
>         married not_married partner no_partner single ///
>         prim_school high_school recomm_prenatal_numvisits ///
>         recomm_prenatal_1stvisit  no_prenatal_care first_pregnancy kids_befor
> e ///
>         lowbirthweight apgar1_low apgar2_low preg_preterm 
  7.     save_data ../output/vital_birth_records.dta, key(birth_id) replace
  8. end

. 
. program append_years
  1.     * Note: there is no 1998 data, but there is data for 1996 and 1997
.     forvalues year = 1999/2015 {
  2.         capture import delimited "../../../raw/vital_records/Natalidad `ye
> ar'_p.csv", delim(";") clear
  3. 
.         qui destring , replace
  4.         
.         tempfile temp_`year'
  5.         save `temp_`year''
  6.     }
  7. 
.     forvalues year = 1999/2014 {
  8.         append using `temp_`year''
  9.     }
 10. 
.     keep if inrange(anio_parto,1999,2015) //note some births in 2015 are reco
> rded in 2016
 11.     assert !mi(edadm)
 12.     
.     save "../temp/births_append.dta", replace
 13. end

. 
. program gen_vars
  1.     use "../temp/births_append.dta", clear
  2.     rename anio_parto anio
  3. 
.     * Add variable dpto coded as in the ECH
.     gen     dpto = codep   if inrange(codep,11,19)
  4.     replace dpto = 1       if codep==10
  5.     replace dpto = codep+1 if inrange(codep,1,9)
  6.     drop codep
  7.     
.     gen     dpto_residence = depar   if inrange(depar,11,19)
  8.     replace dpto_residence = 1       if depar==10
  9.     replace dpto_residence = depar+1 if inrange(depar,1,9)
 10.     drop depar
 11. 
.     * Assert that corresponding variables are not used at the same time & Gen
>  harmonized vars
.     * Note: issue with mademay == 4 : table anio madeult if mademay == 4
.     assert (mi(civilm) & !mi(mestciv) & !mi(tunion)) | (!mi(civilm) & mi(mest
> civ) & mi(tunion))
 12.     assert (mi(instm) & !mi(mademay) & !mi(madecur) & !mi(madeult)) | (!mi
> (instm) & mi(mademay) & mi(madecur) & mi(madeult))
 13.     gen married     = (civilm==2 | mestciv==2)                           i
> f civilm!=9 & mestciv!=9
 14.     gen not_married = (married==0)                                       i
> f !mi(married)
 15.     gen partner     = (inlist(civilm,2,3)|mestciv==2|inlist(tunion,1,2)) i
> f civilm!=9 & mestciv!=9
 16.     gen no_partner  = (partner==0)                                       i
> f !mi(partner)
 17.     gen single      = (inlist(civilm,1,4,5,6))|(tunion==9|mestciv==2)    i
> f civilm!=9 & mestciv!=9 
 18.     gen     prim_school = (instm==2|((mademay==2 & madeult==6)|(mademay==4
>  & madeult<3)|mademay==3)) if instm!=9 | mademay!=9 | madeult!=9
 19.     gen     high_school = (instm==3|((mademay==4 & madeult==3)|(mademay==5
>  & madeult==1)))           if instm!=9 | mademay!=9 | madeult!=9
 20.     replace high_school = 1 if inrange(anio,2008,2010) & mademay==4 & made
> ult==6 
 21.     
.     * Birth date
.     drop if mi(fecparto)
 22.     replace fecparto = "jan" + substr(fecparto,4, .) if substr(fecparto, 1
> , 3) == "ene"
 23.     replace fecparto = "apr" + substr(fecparto,4, .) if substr(fecparto, 1
> , 3) == "abr"
 24.     replace fecparto = "aug" + substr(fecparto,4, .) if substr(fecparto, 1
> , 3) == "ago"
 25.     replace fecparto = "dec" + substr(fecparto,4, .) if substr(fecparto, 1
> , 3) == "dic"
 26.     gen     anio_mon = monthly(fecparto, "MY")
 27.     replace anio_mon = monthly(fecparto, "M20Y")
 28.     assert !mi(anio_mon) if !mi(fecparto)
 29.     format  anio_mon %tm 
 30.     gen     anio_qtr = qofd(dofm(anio_mon))
 31.     format  anio_qtr %tq
 32.     gen     anio_sem = hofd(dofm(anio_mon))
 33.     format  anio_sem %th
 34.     
.     * Pregnancy vars
.     gen recomm_prenatal_numvisits = (totcons>5) if !mi(totcons) & totcons!=99
 35.     gen recomm_prenatal_1stvisit  = (semprim<13) if !inlist(semprim,97,99)
 36.     gen no_prenatal_care          = (totcons==0 | semprim==97) if totcons!
> =99
 37.     gen first_pregnancy           = (numemban==0) if numemban!=99
 38.     gen kids_before               = (first_pregnancy==0) if !mi(first_preg
> nancy)
 39.     gen lowbirthweight            = (peso<2500) if !mi(peso)   & peso<9999
 40.     gen apgar1_low                = (apgar1<7)  if !mi(apgar1) & inrange(a
> pgar1,1,10)
 41.     gen apgar2_low                = (apgar2<7)  if !mi(apgar2) & inrange(a
> pgar2,1,10)
 42.     gen preg_preterm              = (semgest<37) if !mi(semgest) & semgest
> !=99
 43. end

. 
. program label_vars
  1.     lab def not_married               0 "Married"                1 "Not ma
> rried"
  2.     lab val not_married               not_married
  3.     lab def no_partner                0 "With partner"           1 "Withou
> t partner"
  4.     lab val no_partner                no_partner
  5.     lab def prim_school               0 "Less than PS"           1 "PS or 
> more"
  6.     lab val prim_school               prim_school
  7.     lab def high_school               0 "Less than HS"           1 "HS or 
> more"
  8.     lab val high_school               high_school
  9.     lab def no_prenatal_care          1 "No prenatal care"       0 "Prenat
> al care"
 10.     lab val no_prenatal_care          no_prenatal_care
 11.     lab def lowbirthweight            1 "Low birth weight"       0 "Normal
>  birth weight"
 12.     lab val lowbirthweight            lowbirthweight
 13.     lab def apgar1_low                1 "Low APGAR score"        0 "Normal
>  APGAR score"
 14.     lab val apgar1_low                apgar1_low
 15.     lab def apgar2_low                1 "Low APGAR score"        0 "Normal
>  APGAR score"
 16.     lab val apgar2_low                apgar2_low
 17.     lab def preg_preterm              1 "Pre-term birth"         0 "Full-t
> erm birth"
 18.     lab val preg_preterm              preg_preterm
 19.     lab def first_pregnancy           0 "Not first pregnancy"    1 "First 
> pregnancy"
 20.     lab val first_pregnancy           first_pregnancy
 21.     lab def recomm_prenatal_numvisits 0 "No prenatal care"       1 "Prenat
> al care"
 22.     lab val recomm_prenatal_numvisits recomm_prenatal_numvisits
 23.     lab def recomm_prenatal_1stvisit  0 "No prenatal care"       1 "Prenat
> al care"
 24.     lab val recomm_prenatal_1stvisit  recomm_prenatal_1stvisit
 25.     label_geo
 26. end

. 
. program label_geo
  1.     label var    dpto "Mother's residential state"
  2.     label define dpto  1 "ARTIGAS" ///
>                         2 "CANELONES" ///
>                         3 "CERRO LARGO" ///
>                         4 "COLONIA" ///
>                         5 "DURAZNO" ///
>                         6 "FLORES" ///
>                         7 "FLORIDA" ///
>                         8 "LAVALLEJA" ///
>                         9 "MALDONADO" ///
>                         10 "MONTEVIDEO" ///
>                         11 "PAYSANDU" ///
>                         12 "RÍO NEGRO" ///
>                         13 "RIVERA" ///
>                         14 "ROCHA" ///
>                         15 "SALTO" ///
>                         16 "SAN JOSÉ" ///
>                         17 "SORIANO" ///
>                         18 "TACUAREMBÓ" ///
>                         19 "TREINTA Y TRES"
  3.     label values dpto dpto
  4.     label values dpto_residence dpto
  5. end

. 
. main
file C:\Users\dgentil1\AppData\Local\Temp\ST_00000001.tmp saved
file C:\Users\dgentil1\AppData\Local\Temp\ST_00000002.tmp saved
file C:\Users\dgentil1\AppData\Local\Temp\ST_00000003.tmp saved
file C:\Users\dgentil1\AppData\Local\Temp\ST_00000004.tmp saved
file C:\Users\dgentil1\AppData\Local\Temp\ST_00000005.tmp saved
file C:\Users\dgentil1\AppData\Local\Temp\ST_00000006.tmp saved
file C:\Users\dgentil1\AppData\Local\Temp\ST_00000007.tmp saved
file C:\Users\dgentil1\AppData\Local\Temp\ST_00000008.tmp saved
file C:\Users\dgentil1\AppData\Local\Temp\ST_00000009.tmp saved
file C:\Users\dgentil1\AppData\Local\Temp\ST_0000000a.tmp saved
file C:\Users\dgentil1\AppData\Local\Temp\ST_0000000b.tmp saved
file C:\Users\dgentil1\AppData\Local\Temp\ST_0000000c.tmp saved
file C:\Users\dgentil1\AppData\Local\Temp\ST_0000000d.tmp saved
file C:\Users\dgentil1\AppData\Local\Temp\ST_0000000e.tmp saved
file C:\Users\dgentil1\AppData\Local\Temp\ST_0000000f.tmp saved
file C:\Users\dgentil1\AppData\Local\Temp\ST_0000000g.tmp saved
file C:\Users\dgentil1\AppData\Local\Temp\ST_0000000h.tmp saved
(note: variable fecparto was str6, now str7 to accommodate using data's
       values)
(note: variable fecparto was str7, now str8 to accommodate using data's
       values)
(1,247 observations deleted)
(note: file ../temp/births_append.dta not found)
file ../temp/births_append.dta saved
(629,119 missing values generated)
(424,674 real changes made)
(204,314 real changes made)
(617,773 missing values generated)
(326,317 real changes made)
(289,707 real changes made)
(51,908 missing values generated)
(51,908 missing values generated)
(51,908 missing values generated)
(51,908 missing values generated)
(51,908 missing values generated)
(2,651 real changes made)
(28 observations deleted)
(32,731 real changes made)
(31,821 real changes made)
(31,505 real changes made)
(32,843 real changes made)
(285,978 missing values generated)
(285,978 real changes made)
(10,915 missing values generated)
(52,685 missing values generated)
(10,915 missing values generated)
(5,192 missing values generated)
(5,192 missing values generated)
(4,941 missing values generated)
(9,170 missing values generated)
(9,188 missing values generated)
(13,795 missing values generated)
(131 observations deleted)
(data now sorted by birth_id)
  variable dpto was float now byte
  variable dpto_residence was float now byte
  variable married was float now byte
  variable not_married was float now byte
  variable partner was float now byte
  variable no_partner was float now byte
  variable single was float now byte
  variable prim_school was float now byte
  variable high_school was float now byte
  variable anio_sem was float now int
  variable recomm_prenatal_numvisits was float now byte
  variable recomm_prenatal_1stvisit was float now byte
  variable no_prenatal_care was float now byte
  variable first_pregnancy was float now byte
  variable kids_before was float now byte
  variable lowbirthweight was float now byte
  variable apgar1_low was float now byte
  variable apgar2_low was float now byte
  variable preg_preterm was float now byte
  (46,732,784 bytes saved)
===============================================================================
> ===================
File: ../output/vital_birth_records.dta
Key: birth_id
===============================================================================
> ===================
  834514:21(49291):289647677:2718779174

    Variable |        Obs        Mean    Std. Dev.       Min        Max
-------------+---------------------------------------------------------
    birth_id |    834,514      417285      240940          1     834645
        anio |    834,514    2006.836    4.961379       1999       2015
        dpto |    834,514    5.506037     5.88674          1         19
dpto_resid~e |    832,780    5.966962    5.836088          1         19
     married |    782,635    .3598433    .4799546          0          1
-------------+---------------------------------------------------------
 not_married |    782,635    .6401567    .4799546          0          1
     partner |    782,635     .759368    .4274675          0          1
  no_partner |    782,635     .240632    .4274675          0          1
      single |    782,635    .3239134    .4679677          0          1
 prim_school |    834,514    .6215306    .4850058          0          1
-------------+---------------------------------------------------------
 high_school |    834,514    .1595719    .3662088          0          1
    anio_sem |    834,514    94.16913    9.935076         78        111
recomm_pre~s |    823,603    .8037525    .3971581          0          1
recomm_pre~t |    781,877    .5469351    .4977925          0          1
no_prenata~e |    823,603    .0390139    .1936283          0          1
-------------+---------------------------------------------------------
first_preg~y |    829,325    .3745793    .4840144          0          1
 kids_before |    829,325    .6254207    .4840144          0          1
lowbirthwe~t |    829,581    .0821342    .2745693          0          1
  apgar1_low |    825,436     .046029    .2095481          0          1
  apgar2_low |    825,418    .0100422    .0997063          0          1
-------------+---------------------------------------------------------
preg_preterm |    820,722    .0921883    .2892918          0          1




(note: file ../output/vital_birth_records.dta not found)
file ../output/vital_birth_records.dta saved

. 
end of do-file

 make.py ended: 2019-09-12 14:09:17
